// Jest Snapshot v1, https://goo.gl/fbAQLP

exports[`Pruebas en el archivo AddCategory.js Debe mostrarse bien el componente en un snapshot 1`] = `
<form
  onSubmit={[Function]}
>
  <input
    onChange={[Function]}
    type="text"
    value=""
  />
</form>
`;
